// Jest Snapshot v1, https://goo.gl/fbAQLP

exports[`withVideoHandling is rendered correctly 1`] = `<div />`;
