// Jest Snapshot v1, https://goo.gl/fbAQLP

exports[`withPlayerScreenHandling is rendered correctly 1`] = `<div />`;
