// Jest Snapshot v1, https://goo.gl/fbAQLP

exports[`withFilmsListHandling is rendered correctly 1`] = `<div />`;
