// Jest Snapshot v1, https://goo.gl/fbAQLP

exports[`Should PlayerScreen render correctly 1`] = `
<div
  className="player"
>
  <withVideoHandling
    fullImg="img/the-grand-budapest-hotel-bg.jpg"
    onVideoMount={[Function]}
    src="https://some-link"
  />
  <button
    className="player__exit"
    onClick={[Function]}
    type="button"
  >
    Exit
  </button>
  <div
    className="player__controls"
  >
    <div
      className="player__controls-row"
    >
      <div
        className="player__time"
      >
        <progress
          className="player__progress"
          max="100"
          value="30"
        />
        <div
          className="player__toggler"
          style={
            Object {
              "left": "30%",
            }
          }
        >
          Toggler
        </div>
      </div>
      <withTimeElapsedHandling
        isPlaying={false}
        videoRef={Object {}}
      />
    </div>
    <div
      className="player__controls-row"
    >
      PlayButton
      <div
        className="player__name"
      >
        The Grand Budapest Hotel
      </div>
      <button
        className="player__full-screen"
        onClick={[Function]}
        type="button"
      >
        <svg
          height="27"
          viewBox="0 0 27 27"
          width="27"
        >
          <use
            xlinkHref="#full-screen"
          />
        </svg>
        <span>
          Full screen
        </span>
      </button>
    </div>
  </div>
</div>
`;
