// Jest Snapshot v1, https://goo.gl/fbAQLP

exports[`Should GenresList render correctly 1`] = `
<ul
  className="catalog__genres-list"
>
  <li
    className="catalog__genres-item catalog__genres-item--active"
  >
    <a
      className="catalog__genres-link"
      data-genre="All genres"
      href="#"
      onClick={[Function]}
    >
      All genres
    </a>
  </li>
  <li
    className="catalog__genres-item "
  >
    <a
      className="catalog__genres-link"
      data-genre="Comedy"
      href="#"
      onClick={[Function]}
    >
      Comedy
    </a>
  </li>
  <li
    className="catalog__genres-item "
  >
    <a
      className="catalog__genres-link"
      data-genre="Adventure"
      href="#"
      onClick={[Function]}
    >
      Adventure
    </a>
  </li>
  <li
    className="catalog__genres-item "
  >
    <a
      className="catalog__genres-link"
      data-genre="Triller"
      href="#"
      onClick={[Function]}
    >
      Triller
    </a>
  </li>
</ul>
`;
