// Jest Snapshot v1, https://goo.gl/fbAQLP

exports[`withTimeElapsedHandling is rendered correctly 1`] = `<div />`;
