// Jest Snapshot v1, https://goo.gl/fbAQLP

exports[`Should SmallMovieCard render correctly 1`] = `
<article
  className="small-movie-card catalog__movies-card"
  onClick={[Function]}
  onMouseOut={[Function]}
  onMouseOver={[Function]}
>
  <div
    className="small-movie-card__image"
  >
    <withVideoHandling
      coverImg="img/the-grand-budapest-hotel.jpg"
      onVideoMount={[Function]}
      src="https://some-link"
    />
  </div>
  <h3
    className="small-movie-card__title"
  >
    <a
      className="small-movie-card__link"
      href="movie-page.html"
    >
      The Grand Budapest Hotel
    </a>
  </h3>
</article>
`;
